------------------------------------------------------------
TimeQuest Timing Analyzer Summary
------------------------------------------------------------

Type  : Slow 1100mV 85C Model Setup 'clock_divider_negedge:d3|clk'
Slack : -35.772
TNS   : -22456.465

Type  : Slow 1100mV 85C Model Setup 'clock_divider:d2|clk'
Slack : -5.105
TNS   : -2174.307

Type  : Slow 1100mV 85C Model Setup 'clock_divider:d1|clk'
Slack : -5.102
TNS   : -569.841

Type  : Slow 1100mV 85C Model Setup 'CLOCK_50'
Slack : -1.718
TNS   : -16.175

Type  : Slow 1100mV 85C Model Hold 'CLOCK_50'
Slack : -1.470
TNS   : -4.307

Type  : Slow 1100mV 85C Model Hold 'clock_divider:d1|clk'
Slack : -0.813
TNS   : -67.364

Type  : Slow 1100mV 85C Model Hold 'clock_divider:d2|clk'
Slack : -0.577
TNS   : -76.923

Type  : Slow 1100mV 85C Model Hold 'clock_divider_negedge:d3|clk'
Slack : 0.214
TNS   : 0.000

Type  : Slow 1100mV 85C Model Minimum Pulse Width 'clock_divider:d2|clk'
Slack : -2.174
TNS   : -2159.740

Type  : Slow 1100mV 85C Model Minimum Pulse Width 'clock_divider_negedge:d3|clk'
Slack : -2.174
TNS   : -537.743

Type  : Slow 1100mV 85C Model Minimum Pulse Width 'CLOCK_50'
Slack : -0.832
TNS   : -11.876

Type  : Slow 1100mV 85C Model Minimum Pulse Width 'clock_divider:d1|clk'
Slack : -0.394
TNS   : -80.548

Type  : Slow 1100mV 0C Model Setup 'clock_divider_negedge:d3|clk'
Slack : -36.279
TNS   : -22803.863

Type  : Slow 1100mV 0C Model Setup 'clock_divider:d1|clk'
Slack : -5.103
TNS   : -570.985

Type  : Slow 1100mV 0C Model Setup 'clock_divider:d2|clk'
Slack : -4.993
TNS   : -2114.768

Type  : Slow 1100mV 0C Model Setup 'CLOCK_50'
Slack : -1.826
TNS   : -16.494

Type  : Slow 1100mV 0C Model Hold 'CLOCK_50'
Slack : -1.367
TNS   : -3.991

Type  : Slow 1100mV 0C Model Hold 'clock_divider:d1|clk'
Slack : -0.664
TNS   : -49.901

Type  : Slow 1100mV 0C Model Hold 'clock_divider:d2|clk'
Slack : -0.529
TNS   : -91.503

Type  : Slow 1100mV 0C Model Hold 'clock_divider_negedge:d3|clk'
Slack : 0.277
TNS   : 0.000

Type  : Slow 1100mV 0C Model Minimum Pulse Width 'clock_divider:d2|clk'
Slack : -2.174
TNS   : -2153.750

Type  : Slow 1100mV 0C Model Minimum Pulse Width 'clock_divider_negedge:d3|clk'
Slack : -2.174
TNS   : -529.992

Type  : Slow 1100mV 0C Model Minimum Pulse Width 'CLOCK_50'
Slack : -0.867
TNS   : -11.032

Type  : Slow 1100mV 0C Model Minimum Pulse Width 'clock_divider:d1|clk'
Slack : -0.394
TNS   : -76.325

Type  : Fast 1100mV 85C Model Setup 'clock_divider_negedge:d3|clk'
Slack : -19.851
TNS   : -12644.710

Type  : Fast 1100mV 85C Model Setup 'clock_divider:d1|clk'
Slack : -2.719
TNS   : -289.093

Type  : Fast 1100mV 85C Model Setup 'clock_divider:d2|clk'
Slack : -2.705
TNS   : -1113.689

Type  : Fast 1100mV 85C Model Setup 'CLOCK_50'
Slack : -0.566
TNS   : -4.677

Type  : Fast 1100mV 85C Model Hold 'CLOCK_50'
Slack : -0.991
TNS   : -2.308

Type  : Fast 1100mV 85C Model Hold 'clock_divider:d1|clk'
Slack : -0.413
TNS   : -31.606

Type  : Fast 1100mV 85C Model Hold 'clock_divider:d2|clk'
Slack : -0.317
TNS   : -32.106

Type  : Fast 1100mV 85C Model Hold 'clock_divider_negedge:d3|clk'
Slack : 0.138
TNS   : 0.000

Type  : Fast 1100mV 85C Model Minimum Pulse Width 'clock_divider:d2|clk'
Slack : -2.174
TNS   : -2159.281

Type  : Fast 1100mV 85C Model Minimum Pulse Width 'clock_divider_negedge:d3|clk'
Slack : -2.174
TNS   : -56.356

Type  : Fast 1100mV 85C Model Minimum Pulse Width 'CLOCK_50'
Slack : -0.868
TNS   : -9.669

Type  : Fast 1100mV 85C Model Minimum Pulse Width 'clock_divider:d1|clk'
Slack : 0.038
TNS   : 0.000

Type  : Fast 1100mV 0C Model Setup 'clock_divider_negedge:d3|clk'
Slack : -18.468
TNS   : -11780.695

Type  : Fast 1100mV 0C Model Setup 'clock_divider:d1|clk'
Slack : -2.597
TNS   : -273.495

Type  : Fast 1100mV 0C Model Setup 'clock_divider:d2|clk'
Slack : -2.505
TNS   : -1019.111

Type  : Fast 1100mV 0C Model Setup 'CLOCK_50'
Slack : -0.539
TNS   : -3.856

Type  : Fast 1100mV 0C Model Hold 'CLOCK_50'
Slack : -1.020
TNS   : -2.302

Type  : Fast 1100mV 0C Model Hold 'clock_divider:d1|clk'
Slack : -0.416
TNS   : -31.624

Type  : Fast 1100mV 0C Model Hold 'clock_divider:d2|clk'
Slack : -0.374
TNS   : -54.258

Type  : Fast 1100mV 0C Model Hold 'clock_divider_negedge:d3|clk'
Slack : 0.142
TNS   : 0.000

Type  : Fast 1100mV 0C Model Minimum Pulse Width 'clock_divider:d2|clk'
Slack : -2.174
TNS   : -2151.612

Type  : Fast 1100mV 0C Model Minimum Pulse Width 'clock_divider_negedge:d3|clk'
Slack : -2.174
TNS   : -56.136

Type  : Fast 1100mV 0C Model Minimum Pulse Width 'CLOCK_50'
Slack : -0.901
TNS   : -11.255

Type  : Fast 1100mV 0C Model Minimum Pulse Width 'clock_divider:d1|clk'
Slack : 0.033
TNS   : 0.000

------------------------------------------------------------
