------------------------------------------------------------
TimeQuest Timing Analyzer Summary
------------------------------------------------------------

Type  : Slow 1100mV 85C Model Setup 'clock_divider_negedge:d3|clk'
Slack : -44.799
TNS   : -32278.046

Type  : Slow 1100mV 85C Model Setup 'clock_divider:d2|clk'
Slack : -5.371
TNS   : -2358.841

Type  : Slow 1100mV 85C Model Setup 'clock_divider:d1|clk'
Slack : -5.284
TNS   : -535.338

Type  : Slow 1100mV 85C Model Setup 'CLOCK_50'
Slack : -1.516
TNS   : -15.192

Type  : Slow 1100mV 85C Model Hold 'CLOCK_50'
Slack : -1.809
TNS   : -4.821

Type  : Slow 1100mV 85C Model Hold 'clock_divider:d1|clk'
Slack : -1.021
TNS   : -66.376

Type  : Slow 1100mV 85C Model Hold 'clock_divider:d2|clk'
Slack : -0.695
TNS   : -72.883

Type  : Slow 1100mV 85C Model Hold 'clock_divider_negedge:d3|clk'
Slack : 0.213
TNS   : 0.000

Type  : Slow 1100mV 85C Model Minimum Pulse Width 'clock_divider:d2|clk'
Slack : -2.174
TNS   : -2141.779

Type  : Slow 1100mV 85C Model Minimum Pulse Width 'clock_divider_negedge:d3|clk'
Slack : -2.174
TNS   : -611.907

Type  : Slow 1100mV 85C Model Minimum Pulse Width 'CLOCK_50'
Slack : -0.868
TNS   : -12.032

Type  : Slow 1100mV 85C Model Minimum Pulse Width 'clock_divider:d1|clk'
Slack : -0.394
TNS   : -74.142

Type  : Slow 1100mV 0C Model Setup 'clock_divider_negedge:d3|clk'
Slack : -46.017
TNS   : -33087.168

Type  : Slow 1100mV 0C Model Setup 'clock_divider:d1|clk'
Slack : -5.308
TNS   : -536.365

Type  : Slow 1100mV 0C Model Setup 'clock_divider:d2|clk'
Slack : -5.237
TNS   : -2305.702

Type  : Slow 1100mV 0C Model Setup 'CLOCK_50'
Slack : -1.611
TNS   : -15.563

Type  : Slow 1100mV 0C Model Hold 'CLOCK_50'
Slack : -1.648
TNS   : -4.607

Type  : Slow 1100mV 0C Model Hold 'clock_divider:d1|clk'
Slack : -0.831
TNS   : -49.714

Type  : Slow 1100mV 0C Model Hold 'clock_divider:d2|clk'
Slack : -0.604
TNS   : -88.664

Type  : Slow 1100mV 0C Model Hold 'clock_divider_negedge:d3|clk'
Slack : 0.275
TNS   : 0.000

Type  : Slow 1100mV 0C Model Minimum Pulse Width 'clock_divider:d2|clk'
Slack : -2.174
TNS   : -2143.748

Type  : Slow 1100mV 0C Model Minimum Pulse Width 'clock_divider_negedge:d3|clk'
Slack : -2.174
TNS   : -678.409

Type  : Slow 1100mV 0C Model Minimum Pulse Width 'CLOCK_50'
Slack : -0.895
TNS   : -11.098

Type  : Slow 1100mV 0C Model Minimum Pulse Width 'clock_divider:d1|clk'
Slack : -0.394
TNS   : -74.154

Type  : Fast 1100mV 85C Model Setup 'clock_divider_negedge:d3|clk'
Slack : -23.488
TNS   : -17603.133

Type  : Fast 1100mV 85C Model Setup 'clock_divider:d1|clk'
Slack : -2.877
TNS   : -265.696

Type  : Fast 1100mV 85C Model Setup 'clock_divider:d2|clk'
Slack : -2.772
TNS   : -1232.149

Type  : Fast 1100mV 85C Model Setup 'CLOCK_50'
Slack : -0.454
TNS   : -4.250

Type  : Fast 1100mV 85C Model Hold 'CLOCK_50'
Slack : -1.422
TNS   : -2.929

Type  : Fast 1100mV 85C Model Hold 'clock_divider:d1|clk'
Slack : -0.495
TNS   : -27.686

Type  : Fast 1100mV 85C Model Hold 'clock_divider:d2|clk'
Slack : -0.425
TNS   : -32.222

Type  : Fast 1100mV 85C Model Hold 'clock_divider_negedge:d3|clk'
Slack : 0.138
TNS   : 0.000

Type  : Fast 1100mV 85C Model Minimum Pulse Width 'clock_divider:d2|clk'
Slack : -2.174
TNS   : -2143.649

Type  : Fast 1100mV 85C Model Minimum Pulse Width 'clock_divider_negedge:d3|clk'
Slack : -2.174
TNS   : -55.852

Type  : Fast 1100mV 85C Model Minimum Pulse Width 'CLOCK_50'
Slack : -0.894
TNS   : -9.739

Type  : Fast 1100mV 85C Model Minimum Pulse Width 'clock_divider:d1|clk'
Slack : 0.030
TNS   : 0.000

Type  : Fast 1100mV 0C Model Setup 'clock_divider_negedge:d3|clk'
Slack : -22.033
TNS   : -16449.923

Type  : Fast 1100mV 0C Model Setup 'clock_divider:d1|clk'
Slack : -2.777
TNS   : -253.752

Type  : Fast 1100mV 0C Model Setup 'clock_divider:d2|clk'
Slack : -2.533
TNS   : -1127.243

Type  : Fast 1100mV 0C Model Setup 'CLOCK_50'
Slack : -0.407
TNS   : -3.400

Type  : Fast 1100mV 0C Model Hold 'CLOCK_50'
Slack : -1.428
TNS   : -2.977

Type  : Fast 1100mV 0C Model Hold 'clock_divider:d1|clk'
Slack : -0.491
TNS   : -26.603

Type  : Fast 1100mV 0C Model Hold 'clock_divider:d2|clk'
Slack : -0.453
TNS   : -57.370

Type  : Fast 1100mV 0C Model Hold 'clock_divider_negedge:d3|clk'
Slack : 0.143
TNS   : 0.000

Type  : Fast 1100mV 0C Model Minimum Pulse Width 'clock_divider:d2|clk'
Slack : -2.174
TNS   : -2144.284

Type  : Fast 1100mV 0C Model Minimum Pulse Width 'clock_divider_negedge:d3|clk'
Slack : -2.174
TNS   : -55.830

Type  : Fast 1100mV 0C Model Minimum Pulse Width 'CLOCK_50'
Slack : -0.926
TNS   : -11.317

Type  : Fast 1100mV 0C Model Minimum Pulse Width 'clock_divider:d1|clk'
Slack : 0.032
TNS   : 0.000

------------------------------------------------------------
